[2026-02-06 17:09:04][INFO]Not using distributed mode
[2026-02-06 17:09:04][INFO]Namespace(seed=12450, epochs=100, batch_size=128, T=4, model='spikingresformer_cifar', dataset='CIFAR10', augment='rand-m7-n1-mstd0.5-inc1', mixup=True, cutout=False, label_smoothing=0.1, workers=16, lr=0.0005, optimizer='adamw', weight_decay=0.01, print_freq=5, data_path='./data', output_dir='./logs/spikingresformer_cifar10', resume=None, transfer=None, input_size=[3, 32, 32], distributed_init_mode='env://', TET=False, TET_phi=1.0, TET_lambda=0.0, save_latest=False, test_only=False, amp=True, sync_bn=False)
[2026-02-06 17:09:07][INFO]dataset_train: 50000, dataset_test: 10000
[2026-02-06 17:09:07][INFO][Train]
[2026-02-06 17:09:07][INFO]Epoch [0] Start, lr 0.000010
[2026-02-06 17:11:21][INFO] Test loss: 1.89284, Acc@1: 31.80000, Acc@5: 84.48000
[2026-02-06 17:11:21][INFO]Epoch [1] Start, lr 0.000173
[2026-02-06 17:13:30][INFO] Test loss: 1.47083, Acc@1: 48.79000, Acc@5: 92.81000
[2026-02-06 17:13:30][INFO]Epoch [2] Start, lr 0.000337
[2026-02-06 17:15:39][INFO] Test loss: 1.35698, Acc@1: 51.88000, Acc@5: 93.68000
[2026-02-06 17:15:39][INFO]Epoch [3] Start, lr 0.000499
[2026-02-06 17:17:48][INFO] Test loss: 1.12520, Acc@1: 63.74000, Acc@5: 96.74000
[2026-02-06 17:17:48][INFO]Epoch [4] Start, lr 0.000498
[2026-02-06 17:19:57][INFO] Test loss: 0.96960, Acc@1: 69.93000, Acc@5: 97.55000
[2026-02-06 17:19:57][INFO]Epoch [5] Start, lr 0.000497
[2026-02-06 17:22:06][INFO] Test loss: 0.98992, Acc@1: 70.13000, Acc@5: 97.57000
[2026-02-06 17:22:06][INFO]Epoch [6] Start, lr 0.000496
[2026-02-06 17:24:15][INFO] Test loss: 0.91690, Acc@1: 72.83000, Acc@5: 97.99000
[2026-02-06 17:24:15][INFO]Epoch [7] Start, lr 0.000494
[2026-02-06 17:26:24][INFO] Test loss: 0.82226, Acc@1: 77.78000, Acc@5: 98.57000
[2026-02-06 17:26:24][INFO]Epoch [8] Start, lr 0.000492
[2026-02-06 17:28:33][INFO] Test loss: 0.76545, Acc@1: 77.38000, Acc@5: 98.42000
[2026-02-06 17:28:33][INFO]Epoch [9] Start, lr 0.000490
[2026-02-06 17:30:42][INFO] Test loss: 0.74058, Acc@1: 78.57000, Acc@5: 98.78000
[2026-02-06 17:30:42][INFO]Epoch [10] Start, lr 0.000488
[2026-02-06 17:32:51][INFO] Test loss: 0.71246, Acc@1: 81.20000, Acc@5: 98.91000
[2026-02-06 17:32:51][INFO]Epoch [11] Start, lr 0.000486
[2026-02-06 17:35:00][INFO] Test loss: 0.67172, Acc@1: 81.72000, Acc@5: 98.72000
[2026-02-06 17:35:01][INFO]Epoch [12] Start, lr 0.000483
[2026-02-06 17:37:09][INFO] Test loss: 0.70294, Acc@1: 82.00000, Acc@5: 98.84000
[2026-02-06 17:37:10][INFO]Epoch [13] Start, lr 0.000480
[2026-02-06 17:39:18][INFO] Test loss: 0.68309, Acc@1: 81.54000, Acc@5: 98.86000
[2026-02-06 17:39:18][INFO]Epoch [14] Start, lr 0.000477
[2026-02-06 17:41:27][INFO] Test loss: 0.66447, Acc@1: 84.12000, Acc@5: 99.00000
[2026-02-06 17:41:28][INFO]Epoch [15] Start, lr 0.000473
[2026-02-06 17:43:36][INFO] Test loss: 0.58505, Acc@1: 84.59000, Acc@5: 99.05000
[2026-02-06 17:43:37][INFO]Epoch [16] Start, lr 0.000470
[2026-02-06 17:45:46][INFO] Test loss: 0.60414, Acc@1: 85.85000, Acc@5: 99.31000
[2026-02-06 17:45:46][INFO]Epoch [17] Start, lr 0.000466
[2026-02-06 17:47:55][INFO] Test loss: 0.53850, Acc@1: 85.89000, Acc@5: 99.26000
[2026-02-06 17:47:55][INFO]Epoch [18] Start, lr 0.000462
[2026-02-06 17:50:04][INFO] Test loss: 0.57569, Acc@1: 86.63000, Acc@5: 99.23000
[2026-02-06 17:50:04][INFO]Epoch [19] Start, lr 0.000458
[2026-02-06 17:52:13][INFO] Test loss: 0.53204, Acc@1: 87.14000, Acc@5: 99.41000
[2026-02-06 17:52:13][INFO]Epoch [20] Start, lr 0.000453
[2026-02-06 17:54:22][INFO] Test loss: 0.49550, Acc@1: 88.02000, Acc@5: 99.41000
[2026-02-06 17:54:22][INFO]Epoch [21] Start, lr 0.000449
[2026-02-06 17:56:31][INFO] Test loss: 0.50200, Acc@1: 87.75000, Acc@5: 99.30000
[2026-02-06 17:56:31][INFO]Epoch [22] Start, lr 0.000444
[2026-02-06 17:58:40][INFO] Test loss: 0.50629, Acc@1: 88.20000, Acc@5: 99.45000
[2026-02-06 17:58:40][INFO]Epoch [23] Start, lr 0.000439
[2026-02-06 18:00:49][INFO] Test loss: 0.53236, Acc@1: 88.40000, Acc@5: 99.55000
[2026-02-06 18:00:49][INFO]Epoch [24] Start, lr 0.000434
[2026-02-06 18:02:58][INFO] Test loss: 0.46638, Acc@1: 89.39000, Acc@5: 99.38000
[2026-02-06 18:02:58][INFO]Epoch [25] Start, lr 0.000428
[2026-02-06 18:05:07][INFO] Test loss: 0.54697, Acc@1: 88.51000, Acc@5: 99.41000
[2026-02-06 18:05:07][INFO]Epoch [26] Start, lr 0.000423
[2026-02-06 18:07:16][INFO] Test loss: 0.51418, Acc@1: 89.27000, Acc@5: 99.48000
[2026-02-06 18:07:16][INFO]Epoch [27] Start, lr 0.000417
[2026-02-06 18:09:24][INFO] Test loss: 0.48876, Acc@1: 88.89000, Acc@5: 99.52000
[2026-02-06 18:09:24][INFO]Epoch [28] Start, lr 0.000411
[2026-02-06 18:11:33][INFO] Test loss: 0.52775, Acc@1: 89.48000, Acc@5: 99.56000
[2026-02-06 18:11:33][INFO]Epoch [29] Start, lr 0.000405
[2026-02-06 18:13:42][INFO] Test loss: 0.52586, Acc@1: 89.90000, Acc@5: 99.44000
[2026-02-06 18:13:43][INFO]Epoch [30] Start, lr 0.000399
[2026-02-06 18:15:51][INFO] Test loss: 0.51573, Acc@1: 89.91000, Acc@5: 99.43000
[2026-02-06 18:15:52][INFO]Epoch [31] Start, lr 0.000393
[2026-02-06 18:18:00][INFO] Test loss: 0.52714, Acc@1: 89.55000, Acc@5: 99.61000
[2026-02-06 18:18:00][INFO]Epoch [32] Start, lr 0.000386
[2026-02-06 18:20:09][INFO] Test loss: 0.48919, Acc@1: 90.39000, Acc@5: 99.58000
[2026-02-06 18:20:09][INFO]Epoch [33] Start, lr 0.000380
[2026-02-06 18:22:18][INFO] Test loss: 0.54115, Acc@1: 90.26000, Acc@5: 99.52000
[2026-02-06 18:22:18][INFO]Epoch [34] Start, lr 0.000373
[2026-02-06 18:24:27][INFO] Test loss: 0.49092, Acc@1: 90.53000, Acc@5: 99.56000
[2026-02-06 18:24:27][INFO]Epoch [35] Start, lr 0.000366
[2026-02-06 18:26:36][INFO] Test loss: 0.49369, Acc@1: 90.77000, Acc@5: 99.66000
[2026-02-06 18:26:36][INFO]Epoch [36] Start, lr 0.000359
[2026-02-06 18:28:45][INFO] Test loss: 0.47844, Acc@1: 90.85000, Acc@5: 99.55000
[2026-02-06 18:28:45][INFO]Epoch [37] Start, lr 0.000352
[2026-02-06 18:30:54][INFO] Test loss: 0.49696, Acc@1: 90.41000, Acc@5: 99.59000
[2026-02-06 18:30:54][INFO]Epoch [38] Start, lr 0.000345
[2026-02-06 18:33:02][INFO] Test loss: 0.44023, Acc@1: 91.47000, Acc@5: 99.68000
[2026-02-06 18:33:03][INFO]Epoch [39] Start, lr 0.000338
[2026-02-06 18:35:11][INFO] Test loss: 0.42092, Acc@1: 91.22000, Acc@5: 99.55000
[2026-02-06 18:35:11][INFO]Epoch [40] Start, lr 0.000331
[2026-02-06 18:37:20][INFO] Test loss: 0.44465, Acc@1: 91.60000, Acc@5: 99.59000
[2026-02-06 18:37:20][INFO]Epoch [41] Start, lr 0.000323
[2026-02-06 18:39:29][INFO] Test loss: 0.43873, Acc@1: 91.23000, Acc@5: 99.51000
[2026-02-06 18:39:29][INFO]Epoch [42] Start, lr 0.000316
[2026-02-06 18:41:38][INFO] Test loss: 0.42784, Acc@1: 91.81000, Acc@5: 99.65000
[2026-02-06 18:41:38][INFO]Epoch [43] Start, lr 0.000308
[2026-02-06 18:43:47][INFO] Test loss: 0.42584, Acc@1: 92.11000, Acc@5: 99.64000
[2026-02-06 18:43:47][INFO]Epoch [44] Start, lr 0.000301
[2026-02-06 18:45:56][INFO] Test loss: 0.47729, Acc@1: 91.71000, Acc@5: 99.62000
[2026-02-06 18:45:56][INFO]Epoch [45] Start, lr 0.000293
[2026-02-06 18:48:05][INFO] Test loss: 0.44353, Acc@1: 92.06000, Acc@5: 99.67000
[2026-02-06 18:48:05][INFO]Epoch [46] Start, lr 0.000286
[2026-02-06 18:50:13][INFO] Test loss: 0.46757, Acc@1: 92.25000, Acc@5: 99.60000
[2026-02-06 18:50:14][INFO]Epoch [47] Start, lr 0.000278
[2026-02-06 18:52:22][INFO] Test loss: 0.44836, Acc@1: 92.21000, Acc@5: 99.58000
[2026-02-06 18:52:22][INFO]Epoch [48] Start, lr 0.000270
[2026-02-06 18:54:31][INFO] Test loss: 0.40696, Acc@1: 91.85000, Acc@5: 99.67000
[2026-02-06 18:54:31][INFO]Epoch [49] Start, lr 0.000263
[2026-02-06 18:56:40][INFO] Test loss: 0.39930, Acc@1: 92.06000, Acc@5: 99.63000
[2026-02-06 18:56:40][INFO]Epoch [50] Start, lr 0.000255
[2026-02-06 18:58:49][INFO] Test loss: 0.51877, Acc@1: 92.01000, Acc@5: 99.54000
[2026-02-06 18:58:49][INFO]Epoch [51] Start, lr 0.000247
[2026-02-06 19:00:57][INFO] Test loss: 0.42149, Acc@1: 92.36000, Acc@5: 99.73000
[2026-02-06 19:00:58][INFO]Epoch [52] Start, lr 0.000240
[2026-02-06 19:03:06][INFO] Test loss: 0.44292, Acc@1: 92.62000, Acc@5: 99.65000
[2026-02-06 19:03:06][INFO]Epoch [53] Start, lr 0.000232
[2026-02-06 19:05:15][INFO] Test loss: 0.44554, Acc@1: 92.32000, Acc@5: 99.58000
[2026-02-06 19:05:15][INFO]Epoch [54] Start, lr 0.000224
[2026-02-06 19:07:24][INFO] Test loss: 0.43346, Acc@1: 92.66000, Acc@5: 99.69000
[2026-02-06 19:07:24][INFO]Epoch [55] Start, lr 0.000217
[2026-02-06 19:09:33][INFO] Test loss: 0.50730, Acc@1: 92.44000, Acc@5: 99.67000
[2026-02-06 19:09:33][INFO]Epoch [56] Start, lr 0.000209
[2026-02-06 19:11:42][INFO] Test loss: 0.46891, Acc@1: 92.50000, Acc@5: 99.56000
[2026-02-06 19:11:42][INFO]Epoch [57] Start, lr 0.000202
[2026-02-06 19:13:50][INFO] Test loss: 0.43597, Acc@1: 92.91000, Acc@5: 99.66000
[2026-02-06 19:13:51][INFO]Epoch [58] Start, lr 0.000194
[2026-02-06 19:15:59][INFO] Test loss: 0.43040, Acc@1: 92.89000, Acc@5: 99.73000
[2026-02-06 19:15:59][INFO]Epoch [59] Start, lr 0.000187
[2026-02-06 19:18:08][INFO] Test loss: 0.39711, Acc@1: 93.14000, Acc@5: 99.65000
[2026-02-06 19:18:09][INFO]Epoch [60] Start, lr 0.000179
[2026-02-06 19:20:17][INFO] Test loss: 0.42891, Acc@1: 92.75000, Acc@5: 99.63000
[2026-02-06 19:20:17][INFO]Epoch [61] Start, lr 0.000172
[2026-02-06 19:22:26][INFO] Test loss: 0.43189, Acc@1: 92.84000, Acc@5: 99.60000
[2026-02-06 19:22:26][INFO]Epoch [62] Start, lr 0.000165
[2026-02-06 19:24:35][INFO] Test loss: 0.42086, Acc@1: 93.35000, Acc@5: 99.58000
[2026-02-06 19:24:35][INFO]Epoch [63] Start, lr 0.000158
[2026-02-06 19:26:44][INFO] Test loss: 0.44359, Acc@1: 93.24000, Acc@5: 99.68000
[2026-02-06 19:26:44][INFO]Epoch [64] Start, lr 0.000151
[2026-02-06 19:28:52][INFO] Test loss: 0.41876, Acc@1: 93.25000, Acc@5: 99.60000
[2026-02-06 19:28:52][INFO]Epoch [65] Start, lr 0.000144
[2026-02-06 19:31:01][INFO] Test loss: 0.39515, Acc@1: 93.22000, Acc@5: 99.69000
[2026-02-06 19:31:01][INFO]Epoch [66] Start, lr 0.000137
[2026-02-06 19:33:10][INFO] Test loss: 0.41239, Acc@1: 93.08000, Acc@5: 99.64000
[2026-02-06 19:33:10][INFO]Epoch [67] Start, lr 0.000130
[2026-02-06 19:35:19][INFO] Test loss: 0.44624, Acc@1: 93.32000, Acc@5: 99.69000
[2026-02-06 19:35:19][INFO]Epoch [68] Start, lr 0.000124
[2026-02-06 19:37:28][INFO] Test loss: 0.44224, Acc@1: 93.17000, Acc@5: 99.67000
[2026-02-06 19:37:28][INFO]Epoch [69] Start, lr 0.000117
[2026-02-06 19:39:36][INFO] Test loss: 0.41345, Acc@1: 93.11000, Acc@5: 99.64000
[2026-02-06 19:39:36][INFO]Epoch [70] Start, lr 0.000111
[2026-02-06 19:41:45][INFO] Test loss: 0.38776, Acc@1: 93.30000, Acc@5: 99.64000
[2026-02-06 19:41:45][INFO]Epoch [71] Start, lr 0.000105
[2026-02-06 19:43:54][INFO] Test loss: 0.42794, Acc@1: 93.44000, Acc@5: 99.67000
[2026-02-06 19:43:54][INFO]Epoch [72] Start, lr 0.000099
[2026-02-06 19:46:03][INFO] Test loss: 0.41395, Acc@1: 93.41000, Acc@5: 99.57000
[2026-02-06 19:46:03][INFO]Epoch [73] Start, lr 0.000093
[2026-02-06 19:48:12][INFO] Test loss: 0.42061, Acc@1: 93.41000, Acc@5: 99.65000
[2026-02-06 19:48:12][INFO]Epoch [74] Start, lr 0.000087
[2026-02-06 19:50:20][INFO] Test loss: 0.44786, Acc@1: 93.14000, Acc@5: 99.70000
[2026-02-06 19:50:20][INFO]Epoch [75] Start, lr 0.000082
[2026-02-06 19:52:29][INFO] Test loss: 0.37856, Acc@1: 93.45000, Acc@5: 99.66000
[2026-02-06 19:52:29][INFO]Epoch [76] Start, lr 0.000076
[2026-02-06 19:54:38][INFO] Test loss: 0.41677, Acc@1: 93.52000, Acc@5: 99.69000
[2026-02-06 19:54:38][INFO]Epoch [77] Start, lr 0.000071
[2026-02-06 19:56:47][INFO] Test loss: 0.42091, Acc@1: 93.81000, Acc@5: 99.73000
[2026-02-06 19:56:47][INFO]Epoch [78] Start, lr 0.000066
[2026-02-06 19:58:56][INFO] Test loss: 0.36826, Acc@1: 93.82000, Acc@5: 99.68000
[2026-02-06 19:58:56][INFO]Epoch [79] Start, lr 0.000061
[2026-02-06 20:01:05][INFO] Test loss: 0.38424, Acc@1: 93.77000, Acc@5: 99.72000
[2026-02-06 20:01:05][INFO]Epoch [80] Start, lr 0.000057
[2026-02-06 20:03:14][INFO] Test loss: 0.39733, Acc@1: 93.86000, Acc@5: 99.69000
[2026-02-06 20:03:14][INFO]Epoch [81] Start, lr 0.000052
[2026-02-06 20:05:23][INFO] Test loss: 0.38096, Acc@1: 93.73000, Acc@5: 99.68000
[2026-02-06 20:05:23][INFO]Epoch [82] Start, lr 0.000048
[2026-02-06 20:07:32][INFO] Test loss: 0.38235, Acc@1: 93.67000, Acc@5: 99.66000
[2026-02-06 20:07:32][INFO]Epoch [83] Start, lr 0.000044
[2026-02-06 20:09:40][INFO] Test loss: 0.44496, Acc@1: 93.75000, Acc@5: 99.60000
[2026-02-06 20:09:40][INFO]Epoch [84] Start, lr 0.000040
[2026-02-06 20:11:49][INFO] Test loss: 0.36744, Acc@1: 93.88000, Acc@5: 99.69000
[2026-02-06 20:11:49][INFO]Epoch [85] Start, lr 0.000037
[2026-02-06 20:13:58][INFO] Test loss: 0.37025, Acc@1: 93.99000, Acc@5: 99.65000
[2026-02-06 20:13:58][INFO]Epoch [86] Start, lr 0.000033
[2026-02-06 20:16:07][INFO] Test loss: 0.39086, Acc@1: 93.87000, Acc@5: 99.63000
[2026-02-06 20:16:07][INFO]Epoch [87] Start, lr 0.000030
[2026-02-06 20:18:16][INFO] Test loss: 0.41253, Acc@1: 93.80000, Acc@5: 99.75000
[2026-02-06 20:18:16][INFO]Epoch [88] Start, lr 0.000027
[2026-02-06 20:20:25][INFO] Test loss: 0.36468, Acc@1: 94.16000, Acc@5: 99.68000
[2026-02-06 20:20:25][INFO]Epoch [89] Start, lr 0.000024
[2026-02-06 20:22:34][INFO] Test loss: 0.36555, Acc@1: 93.95000, Acc@5: 99.69000
[2026-02-06 20:22:34][INFO]Epoch [90] Start, lr 0.000022
[2026-02-06 20:24:42][INFO] Test loss: 0.39690, Acc@1: 93.99000, Acc@5: 99.73000
[2026-02-06 20:24:42][INFO]Epoch [91] Start, lr 0.000020
[2026-02-06 20:26:51][INFO] Test loss: 0.41103, Acc@1: 94.03000, Acc@5: 99.69000
[2026-02-06 20:26:51][INFO]Epoch [92] Start, lr 0.000018
[2026-02-06 20:29:00][INFO] Test loss: 0.44621, Acc@1: 93.87000, Acc@5: 99.70000
[2026-02-06 20:29:00][INFO]Epoch [93] Start, lr 0.000016
[2026-02-06 20:31:09][INFO] Test loss: 0.34616, Acc@1: 94.06000, Acc@5: 99.64000
[2026-02-06 20:31:09][INFO]Epoch [94] Start, lr 0.000014
[2026-02-06 20:33:17][INFO] Test loss: 0.40270, Acc@1: 94.14000, Acc@5: 99.71000
[2026-02-06 20:33:17][INFO]Epoch [95] Start, lr 0.000013
[2026-02-06 20:35:26][INFO] Test loss: 0.37850, Acc@1: 94.11000, Acc@5: 99.73000
[2026-02-06 20:35:26][INFO]Epoch [96] Start, lr 0.000012
[2026-02-06 20:37:35][INFO] Test loss: 0.36090, Acc@1: 93.76000, Acc@5: 99.68000
[2026-02-06 20:37:35][INFO]Epoch [97] Start, lr 0.000011
[2026-02-06 20:39:43][INFO] Test loss: 0.35966, Acc@1: 94.25000, Acc@5: 99.70000
[2026-02-06 20:39:44][INFO]Epoch [98] Start, lr 0.000010
[2026-02-06 20:41:52][INFO] Test loss: 0.36583, Acc@1: 93.80000, Acc@5: 99.61000
[2026-02-06 20:41:52][INFO]Epoch [99] Start, lr 0.000010
[2026-02-06 20:44:01][INFO] Test loss: 0.42665, Acc@1: 93.78000, Acc@5: 99.71000
[2026-02-06 20:44:01][INFO]Training completed.
[2026-02-06 20:44:03][INFO][Test]
